// Jest Snapshot v1, https://goo.gl/fbAQLP

exports[`Renders <Row/> with correct properties 1`] = `"<div class=\\"row\\"><i class=\\"icon\\"></i></div>"`;
