// Jest Snapshot v1, https://goo.gl/fbAQLP

exports[`Renders <Divider/> with correct properties 1`] = `"<div class=\\"dropdown-divider\\"></div>"`;
