// Jest Snapshot v1, https://goo.gl/fbAQLP

exports[`Renders <HeaderUserMenu/> with correct properties 1`] = `"<div><a href=\\"#\\" id=\\"header-user-menu\\" class=\\"classes\\" aria-expanded=\\"false\\" data-toggle=\\"dropdown\\"><span class=\\"profile-text\\">Missing translationId: common.hello_with_name for language: \${ languageCode }</span><img class=\\"img-xs rounded-circle\\" src=\\"images/faces/face1.jpg\\" alt=\\"Profile image\\"/></a><div class=\\"dropdown-menu dropdown-menu-right navbar-dropdown\\"><div class=\\"d-flex border-bottom\\"><div class=\\"py-3 px-4 d-flex align-items-center justify-content-center\\"><a href=\\"#\\"><i class=\\"mdi mdi-bookmark-plus-outline mr-0 text-gray\\"></i></a></div><div class=\\"py-3 px-4 d-flex align-items-center justify-content-center border-left border-right\\"><a href=\\"#\\"><i class=\\"mdi mdi-account-outline mr-0 text-gray\\"></i></a></div><div class=\\"py-3 px-4 d-flex align-items-center justify-content-center\\"><a href=\\"#\\"><i class=\\"mdi mdi-alarm-check mr-0 text-gray\\"></i></a></div></div><a href=\\"#/profile\\" class=\\"dropdown-item mt-2\\">Missing translationId: menus.header_user_menu.manage_account for language: \${ languageCode }</a><a href=\\"#\\" class=\\"dropdown-item\\">Missing translationId: menus.header_user_menu.change_password for language: \${ languageCode }</a><a href=\\"#\\" class=\\"dropdown-item\\">Missing translationId: menus.header_user_menu.check_inbox for language: \${ languageCode }</a><log-out-link></log-out-link></div></div>"`;

exports[`Renders <HeaderUserMenu/> with only required props 1`] = `"<div><a href=\\"#\\" id=\\"header-user-menu\\" aria-expanded=\\"false\\" data-toggle=\\"dropdown\\"><span class=\\"profile-text\\">Missing translationId: common.hello_with_name for language: \${ languageCode }</span><img class=\\"img-xs rounded-circle\\" src=\\"images/faces/face1.jpg\\" alt=\\"Profile image\\"/></a><div class=\\"dropdown-menu dropdown-menu-right navbar-dropdown\\"><div class=\\"d-flex border-bottom\\"><div class=\\"py-3 px-4 d-flex align-items-center justify-content-center\\"><a href=\\"#\\"><i class=\\"mdi mdi-bookmark-plus-outline mr-0 text-gray\\"></i></a></div><div class=\\"py-3 px-4 d-flex align-items-center justify-content-center border-left border-right\\"><a href=\\"#\\"><i class=\\"mdi mdi-account-outline mr-0 text-gray\\"></i></a></div><div class=\\"py-3 px-4 d-flex align-items-center justify-content-center\\"><a href=\\"#\\"><i class=\\"mdi mdi-alarm-check mr-0 text-gray\\"></i></a></div></div><a href=\\"#/profile\\" class=\\"dropdown-item mt-2\\">Missing translationId: menus.header_user_menu.manage_account for language: \${ languageCode }</a><a href=\\"#\\" class=\\"dropdown-item\\">Missing translationId: menus.header_user_menu.change_password for language: \${ languageCode }</a><a href=\\"#\\" class=\\"dropdown-item\\">Missing translationId: menus.header_user_menu.check_inbox for language: \${ languageCode }</a><log-out-link></log-out-link></div></div>"`;
