// Jest Snapshot v1, https://goo.gl/fbAQLP

exports[`Renders <Form/> with correct properties 1`] = `"<form action=\\"login\\" class=\\"class\\" name=\\"loginForm\\"><div class=\\"form-group\\"><div class=\\"input-group\\"><input aria-describedby=\\"undefinedError\\" class=\\"form-control\\"/><div class=\\"input-group-append\\"><span class=\\"input-group-text\\"><i class=\\"mdi mdi-check-circle\\"></i></span></div></div></div></form>"`;

exports[`Renders <Form/> with only required props 1`] = `"<form action=\\"#\\" name=\\"loginForm\\"><div class=\\"form-group\\"><div class=\\"input-group\\"><input aria-describedby=\\"undefinedError\\" class=\\"form-control\\"/><div class=\\"input-group-append\\"><span class=\\"input-group-text\\"><i class=\\"mdi mdi-check-circle\\"></i></span></div></div></div><div class=\\"form-group\\"><div class=\\"input-group\\"><input aria-describedby=\\"undefinedError\\" class=\\"form-control\\"/><div class=\\"input-group-append\\"><span class=\\"input-group-text\\"><i class=\\"mdi mdi-check-circle\\"></i></span></div></div></div></form>"`;
