// Jest Snapshot v1, https://goo.gl/fbAQLP

exports[`Renders <Logo/> with correct properties 1`] = `"<a href=\\"dashboard\\" class=\\"class\\"><img src=\\"/images/logo.png\\" alt=\\"Logo\\"/></a>"`;

exports[`Renders <Logo/> with only required props 1`] = `"<a href=\\"dashboard\\"><img src=\\"/images/logo.png\\" alt=\\"Logo\\"/></a>"`;
