// Jest Snapshot v1, https://goo.gl/fbAQLP

exports[`Renders <SelectOption/> with correct properties 1`] = `"<option value=\\"one\\">One</option>"`;
