// Jest Snapshot v1, https://goo.gl/fbAQLP

exports[`Renders <ContentTemplate/> with correct properties 1`] = `"<div class=\\"container-fluid page-body-wrapper\\"><span></span></div>"`;
